// Jest Snapshot v1, https://goo.gl/fbAQLP

exports[`works with styled-components renders component with correct 'font-size' and 'line-height' 1`] = `
.c0 {
  font-size: 1rem;
  line-height: 1.25rem;
}

<div
  className="c0"
/>
`;
