// Jest Snapshot v1, https://goo.gl/fbAQLP

exports[`works with galmour renders component with correct 'fontSize' and 'lineHeight' 1`] = `
.glamor-0,
[data-glamor-0] {
  font-size: 1rem;
  line-height: 1.25rem;
}

<div
  className="glamor-0"
/>
`;
